{
  "timestamp": "2026-05-21 05:32:30.848044",
  "device_info": {
    "serial_number": "AFEASFQwUBcgOTNO",
    "model": "0",
    "git_hash": "c37aeed0e617c2bbb261b592f16ef0d44f491e14",
    "git_dirty": false,
    "git_timestamp": 1769045816,
    "uuid": "9e3d0745-2af9-4d84-b3cd-bd791b2716f6"
  },
  "calibration": {
    "invert": false,
    "phase_invert": false,
    "poles": 14,
    "offset": [
      -3.1302474901357336,
      -3.1387846509921418,
      -3.1475109786353044,
      -3.1651509302073553,
      -3.1816463257718195,
      -3.171212498731542,
      -3.165003116970727,
      -3.156254424176017,
      -3.1406712939292145,
      -3.1401900064642914,
      -3.1473394476300713,
      -3.1504453403034316,
      -3.1609999121550554,
      -3.173323011483061,
      -3.1682346427566497,
      -3.166022234004246,
      -3.155555150600662,
      -3.1322860299263025,
      -3.1239654157004373,
      -3.1308200598461906,
      -3.12801497702408,
      -3.1338818707468996,
      -3.1432864526344506,
      -3.1346013705045133,
      -3.1301834787012472,
      -3.1276957297841026,
      -3.1161994210327566,
      -3.1056404417334744,
      -3.1149632282542834,
      -3.115771720615633,
      -3.125289691220232,
      -3.1468126316929523,
      -3.148706295398187,
      -3.1446289788087554,
      -3.143822791264135,
      -3.1389245826480305,
      -3.1282204375992677,
      -3.134177096995356,
      -3.1281906982152448,
      -3.1280538992961278,
      -3.1428567099853044,
      -3.1438267668266744,
      -3.139149943119606,
      -3.136366792855823,
      -3.1274911553957137,
      -3.111460360933761,
      -3.1234019127549257,
      -3.1311528348372906,
      -3.1370221711860697,
      -3.1523788202790017,
      -3.15587314736342,
      -3.144043786555704,
      -3.1374839748006385,
      -3.1269598002324472,
      -3.1038416865203144,
      -3.107519557764712,
      -3.1174495377419444,
      -3.1235155418432687,
      -3.1400274064060367,
      -3.150318137004492,
      -3.1415890399837383,
      -3.1417219162825356,
      -3.140082191165536,
      -3.124668787290335
    ],
    "fit_metric": 16.81363026344259,
    "current_quality_factor": 76.3861535684542
  },
  "winding_resistance": 0.19824393241594196,
  "inductance": 5.4882628922021755e-05,
  "pid_dq_kp": 0.0689675455324473,
  "pid_dq_ki": 249.1206726786699,
  "torque_bw_hz": 200.0,
  "encoder_filter_bw_hz": 200.0,
  "encoder_filter_kp": 1013.4169850289654,
  "encoder_filter_ki": 256753.49638629958,
  "kv": 319.7222236932711,
  "unwrapped_position_scale": 1.0,
  "motor_position_output_sign": 1.0,
  "abi_version": 269,
  "voltage_mode_control": false,
  "py_version": "0.3.98"
}
