{
  "timestamp": "2026-05-20 03:21:50.082169",
  "device_info": {
    "serial_number": "ADoAP1QwUBEgOTNO",
    "model": "0",
    "git_hash": "f14f789fefeae9caf185b950cf4e32df01d022ea",
    "git_dirty": false,
    "git_timestamp": 1758835305,
    "uuid": "3203356e-ebb8-4991-9e7a-165bb35e4934"
  },
  "calibration": {
    "invert": false,
    "phase_invert": false,
    "poles": 14,
    "offset": [
      -2.20674107320167,
      -2.225420865196722,
      -2.2270269695856775,
      -2.2296335764723194,
      -2.2208372954950044,
      -2.2102710602412983,
      -2.197773108074916,
      -2.2003038585377808,
      -2.197742781976273,
      -2.2068630562475766,
      -2.213032993194559,
      -2.2119773464643475,
      -2.2097706633193086,
      -2.1984789758815504,
      -2.1882724152795383,
      -2.1722886993693353,
      -2.176717790424754,
      -2.175259636779238,
      -2.1780893959192333,
      -2.2008379115303516,
      -2.196735510530018,
      -2.1973206883157403,
      -2.1905927973864774,
      -2.179325791807894,
      -2.1648467966023652,
      -2.1701514393662653,
      -2.171245742193418,
      -2.177958816273903,
      -2.194920799054948,
      -2.19896303753033,
      -2.2078936750682394,
      -2.2036026318732516,
      -2.2054504559172616,
      -2.1949215592036437,
      -2.197131848768542,
      -2.206332976571758,
      -2.207451793073535,
      -2.227795105478679,
      -2.2350487372135452,
      -2.231463554559784,
      -2.226547068610271,
      -2.2222852695447743,
      -2.2033716977187,
      -2.202065830075079,
      -2.203156324073963,
      -2.200351550827558,
      -2.2178463912614874,
      -2.219253640077583,
      -2.220634311979609,
      -2.2138915046800225,
      -2.2018202272692937,
      -2.1911621182964995,
      -2.1776063494503397,
      -2.1819530011842874,
      -2.1831699862369764,
      -2.1956220750126914,
      -2.2033283418615794,
      -2.2096383507263933,
      -2.2037416318087963,
      -2.1943054596044935,
      -2.181008414671068,
      -2.1677966427945754,
      -2.18299105145375,
      -2.186242644721641
    ],
    "fit_metric": 24.54440078601776,
    "current_quality_factor": 89.40694569666675
  },
  "winding_resistance": 0.18643889818711595,
  "inductance": 5.3248408774290895e-05,
  "pid_dq_kp": 0.06691392392826342,
  "pid_dq_ki": 234.28602915520756,
  "torque_bw_hz": 200.0,
  "encoder_filter_bw_hz": 200.0,
  "encoder_filter_kp": 1013.4169850289654,
  "encoder_filter_ki": 256753.49638629958,
  "kv": 316.7309994129607,
  "unwrapped_position_scale": 1.0,
  "motor_position_output_sign": 1.0,
  "abi_version": 268,
  "voltage_mode_control": false,
  "py_version": "0.3.98"
}
