{
  "timestamp": "2026-05-20 03:14:26.441619",
  "device_info": {
    "serial_number": "ADEAHVIwUAEgNTBZ",
    "model": "0",
    "git_hash": "f14f789fefeae9caf185b950cf4e32df01d022ea",
    "git_dirty": false,
    "git_timestamp": 1758835305,
    "uuid": "1ef29c39-f7a0-48e9-9083-0d740b743975"
  },
  "calibration": {
    "invert": false,
    "phase_invert": false,
    "poles": 14,
    "offset": [
      -0.10071285089373262,
      -0.10517593595560065,
      -0.11625169962395478,
      -0.11401220438005238,
      -0.10035495551911733,
      -0.09987815567994271,
      -0.08689752227521907,
      -0.08017430894180534,
      -0.07864730054211248,
      -0.07269344207714731,
      -0.07623816367183585,
      -0.08012975539939203,
      -0.09293540454996492,
      -0.09162801981899835,
      -0.09073270877873679,
      -0.08892895136339177,
      -0.08304400506298344,
      -0.08207362834994678,
      -0.08832800434295175,
      -0.085246863965819,
      -0.08645090441171487,
      -0.08653679351387478,
      -0.06296699993427438,
      -0.05499473703433317,
      -0.04314874189656824,
      -0.027215026897325172,
      -0.03323101519543281,
      -0.036763459493175873,
      -0.049445862764700775,
      -0.0630431752180848,
      -0.07454515452468925,
      -0.08388655607761918,
      -0.09279713257338214,
      -0.096455728542793,
      -0.09536179394342857,
      -0.09230990126295109,
      -0.09337914470336989,
      -0.09652679221609402,
      -0.09544130431377214,
      -0.10321743104550712,
      -0.09508973859773567,
      -0.08635908217072001,
      -0.0873545485490076,
      -0.0765981184176099,
      -0.0822121492381412,
      -0.09465464664483737,
      -0.09543309403238952,
      -0.10566848141777774,
      -0.1184142743654521,
      -0.1168059155886306,
      -0.11878738296080797,
      -0.11267942273067805,
      -0.09761739384139535,
      -0.08841175005767114,
      -0.07724589030126726,
      -0.07118001100808485,
      -0.06398092727812806,
      -0.06139804924158496,
      -0.06362045036142182,
      -0.059297310914980285,
      -0.0703709154136678,
      -0.07415679287591641,
      -0.07515712068893793,
      -0.09244543519178809
    ],
    "fit_metric": 19.807214184903557,
    "current_quality_factor": 88.50721678511627
  },
  "winding_resistance": 0.1918734225585564,
  "inductance": 5.253780563081809e-05,
  "pid_dq_kp": 0.06602095368220263,
  "pid_dq_ki": 241.11525389163637,
  "torque_bw_hz": 200.0,
  "encoder_filter_bw_hz": 200.0,
  "encoder_filter_kp": 1013.4169850289654,
  "encoder_filter_ki": 256753.49638629958,
  "kv": 312.88555359304684,
  "unwrapped_position_scale": 1.0,
  "motor_position_output_sign": 1.0,
  "abi_version": 268,
  "voltage_mode_control": false,
  "py_version": "0.3.98"
}
