{
  "timestamp": "2026-05-20 02:45:14.683400",
  "device_info": {
    "serial_number": "ACMAJU4wUAQgNDlF",
    "model": "0",
    "git_hash": "c37aeed0e617c2bbb261b592f16ef0d44f491e14",
    "git_dirty": false,
    "git_timestamp": 1769045816,
    "uuid": "4ad92c65-b80b-4be9-b375-e909b6884266"
  },
  "calibration": {
    "invert": false,
    "phase_invert": false,
    "poles": 14,
    "offset": [
      1.9831664119716041,
      1.970457641469141,
      1.9393815026935646,
      1.9163195315518053,
      1.9018750733351708,
      1.8985649153587787,
      1.9149674462448263,
      1.931733132415536,
      1.9509958408470391,
      1.9600330930444794,
      1.9583341076209244,
      1.9356730944403375,
      1.9175736535478431,
      1.9030703625754037,
      1.9045599300687592,
      1.9258391633497318,
      1.9407747758194376,
      1.9674251912976406,
      1.9721298908151446,
      1.972155212245587,
      1.9616948563355003,
      1.9439521809489295,
      1.9387897564541454,
      1.9389221769354068,
      1.9600605050138187,
      1.9811834285622016,
      2.006142197876791,
      2.009352078228527,
      2.0058106427308746,
      1.9850039888713242,
      1.9692713997076479,
      1.9555816887693867,
      1.9419484304637227,
      1.9529340190867532,
      1.9552620615724303,
      1.9776215585084822,
      1.9812194916297705,
      1.9717693838553176,
      1.9493248974130057,
      1.9290432211829296,
      1.910274248917342,
      1.9053804357052406,
      1.9176431292894804,
      1.9292288148581052,
      1.9549366804860946,
      1.9609903550292174,
      1.961641245154789,
      1.944666403983627,
      1.9202283829549427,
      1.9018582413965341,
      1.8942709976503496,
      1.9078389070554789,
      1.929032578959648,
      1.9616486440364167,
      1.978630744848125,
      1.9856853667192207,
      1.9771157217737965,
      1.9622509536031612,
      1.9400930888878316,
      1.926285232005668,
      1.9296906149057875,
      1.947826702149343,
      1.9688869028709963,
      1.9844233577116974
    ],
    "fit_metric": 16.045465373478784,
    "current_quality_factor": 65.70710792636076
  },
  "winding_resistance": 0.18836155525787565,
  "inductance": 5.767736856286654e-05,
  "pid_dq_kp": 0.07247951894219697,
  "pid_dq_ki": 236.702111286756,
  "torque_bw_hz": 200.0,
  "encoder_filter_bw_hz": 200.0,
  "encoder_filter_kp": 1013.4169850289654,
  "encoder_filter_ki": 256753.49638629958,
  "kv": 319.51159020169024,
  "unwrapped_position_scale": 1.0,
  "motor_position_output_sign": 1.0,
  "abi_version": 269,
  "voltage_mode_control": false,
  "py_version": "0.3.98"
}
