{
  "timestamp": "2026-05-22 23:10:31.129952",
  "device_info": {
    "serial_number": "AD8AKlQwUBAgOTNO",
    "model": "0",
    "git_hash": "c37aeed0e617c2bbb261b592f16ef0d44f491e14",
    "git_dirty": false,
    "git_timestamp": 1769045816,
    "uuid": "3c280931-baaf-44e8-ac72-7b3cb6f35e98"
  },
  "calibration": {
    "invert": false,
    "phase_invert": false,
    "poles": 14,
    "offset": [
      -2.503784990794461,
      -2.5392450548139873,
      -2.555664596483634,
      -2.544206715210355,
      -2.525491861583421,
      -2.4912324381062048,
      -2.462308077179767,
      -2.4580274424581083,
      -2.4768331017621055,
      -2.497163218911901,
      -2.533799670933995,
      -2.5548956140805394,
      -2.539572125234687,
      -2.5231719077452808,
      -2.491026479656417,
      -2.4660825962999557,
      -2.4593356997100306,
      -2.4760555792978187,
      -2.4895979170962064,
      -2.521849214817379,
      -2.544208380197262,
      -2.5305490567488,
      -2.510066194461707,
      -2.468696291585233,
      -2.43743136224357,
      -2.4235601353661007,
      -2.4402226742427637,
      -2.4570562030672587,
      -2.4926257265264753,
      -2.521928754953895,
      -2.5230902994842332,
      -2.5229674784554663,
      -2.500630157575785,
      -2.4773120979217205,
      -2.460473884463579,
      -2.4860523174705276,
      -2.505904955795103,
      -2.5431355849431574,
      -2.5735756878603104,
      -2.5689452098836365,
      -2.5529613076607824,
      -2.5313712525013345,
      -2.4984170303316593,
      -2.477036731104241,
      -2.4874308042448727,
      -2.4983844205925085,
      -2.5351660669487304,
      -2.565811976681686,
      -2.56735691187699,
      -2.548226715653084,
      -2.5216591568945637,
      -2.48345005963445,
      -2.4572917730293207,
      -2.463313184230442,
      -2.4733094867392946,
      -2.496829556849968,
      -2.5238522984260547,
      -2.530646959724977,
      -2.5152636601847087,
      -2.4969603495744113,
      -2.4566778585511644,
      -2.4331851174759866,
      -2.4445527233161175,
      -2.4722241471467385
    ],
    "fit_metric": 22.612809167966063,
    "current_quality_factor": 77.43807032947343
  },
  "winding_resistance": 0.1801965172427224,
  "inductance": 5.482173768269362e-05,
  "pid_dq_kp": 0.0688910273443908,
  "pid_dq_ki": 226.44162190888127,
  "torque_bw_hz": 200.0,
  "encoder_filter_bw_hz": 200.0,
  "encoder_filter_kp": 1013.4169850289654,
  "encoder_filter_ki": 256753.49638629958,
  "kv": 315.9962391086184,
  "unwrapped_position_scale": 1.0,
  "motor_position_output_sign": 1.0,
  "abi_version": 269,
  "voltage_mode_control": false,
  "py_version": "0.3.98"
}
