{
  "timestamp": "2026-05-24 02:02:47.032411",
  "device_info": {
    "serial_number": "ADsAKk4wUAYgNDlF",
    "model": "0",
    "git_hash": "c37aeed0e617c2bbb261b592f16ef0d44f491e14",
    "git_dirty": false,
    "git_timestamp": 1769045816,
    "uuid": "3d6e2fb5-5ec8-4afe-b397-fcb570d65871"
  },
  "calibration": {
    "invert": false,
    "phase_invert": false,
    "poles": 14,
    "offset": [
      3.049604927110089,
      3.040417620578373,
      3.03934147792592,
      3.0279373059349424,
      3.0107509281887075,
      3.01107602800461,
      3.006568005077306,
      2.99573611350651,
      2.99001617745815,
      2.983739257470125,
      2.964264095946904,
      2.9545602083884983,
      2.9514400145178903,
      2.9347046229306932,
      2.9386017184942834,
      2.937346029909347,
      2.9371060607706987,
      2.9455001144419684,
      2.955757620319354,
      2.9453582392596425,
      2.9426452808345567,
      2.9471061221570634,
      2.943093165836363,
      2.954172234085584,
      2.966724449640315,
      2.9793657408525585,
      2.992834456623032,
      3.0104103688430204,
      3.0139599606554506,
      3.016749746197027,
      3.0253070297314846,
      3.0190786945259913,
      3.0270290977077345,
      3.037302154172335,
      3.0409527086396233,
      3.0400061698713037,
      3.0449351526024695,
      3.0314033161599907,
      3.031629356815508,
      3.0357752625725407,
      3.0284004726986264,
      3.027128727003081,
      3.030882855378775,
      3.027061432345072,
      3.0291136672048298,
      3.0349070116216783,
      3.0246052766587415,
      3.0132873047767776,
      3.012968148132545,
      3.0069363209411577,
      3.003553136277532,
      3.0166558317029937,
      3.0211982903908767,
      3.026665097829446,
      3.043261762708477,
      3.0413667009584926,
      3.0336577794784017,
      3.0376328448520065,
      3.0283724526942626,
      3.0252847466483,
      3.0453392776768022,
      3.0508676423936096,
      3.05023636252504,
      3.0576958179475477
    ],
    "fit_metric": 20.60604055914834,
    "current_quality_factor": 97.17125997836324
  },
  "winding_resistance": 0.1999498250117486,
  "inductance": 5.52131100899606e-05,
  "pid_dq_kp": 0.06938284041618588,
  "pid_dq_ki": 251.26436053738965,
  "torque_bw_hz": 200.0,
  "encoder_filter_bw_hz": 200.0,
  "encoder_filter_kp": 1013.4169850289654,
  "encoder_filter_ki": 256753.49638629958,
  "kv": 317.29672847576006,
  "unwrapped_position_scale": 1.0,
  "motor_position_output_sign": 1.0,
  "abi_version": 269,
  "voltage_mode_control": false,
  "py_version": "0.3.98"
}
