{
  "timestamp": "2026-05-19 03:10:16.456914",
  "device_info": {
    "serial_number": "ACMAJU4wUAQgNDlF",
    "model": "0",
    "git_hash": "c37aeed0e617c2bbb261b592f16ef0d44f491e14",
    "git_dirty": false,
    "git_timestamp": 1769045816,
    "uuid": "4ad92c65-b80b-4be9-b375-e909b6884266"
  },
  "calibration": {
    "invert": false,
    "phase_invert": false,
    "poles": 14,
    "offset": [
      -2.256415595249456,
      -2.2710748401649608,
      -2.2759992539018405,
      -2.2614205126225864,
      -2.2473842737763934,
      -2.2295297787190114,
      -2.226296245781303,
      -2.2319044063513287,
      -2.2559686836007313,
      -2.279940073871939,
      -2.292592243093769,
      -2.289355801704345,
      -2.264332261058838,
      -2.2465149599024494,
      -2.2200910897839443,
      -2.217152846491067,
      -2.2224893814866746,
      -2.237816184799299,
      -2.2600896336223912,
      -2.265593523275629,
      -2.2633775227761164,
      -2.2423167433085487,
      -2.2165547513704813,
      -2.1884089392406856,
      -2.1835007527076042,
      -2.186495324081248,
      -2.205218996148646,
      -2.223868870092175,
      -2.2355906300776174,
      -2.2442881958928034,
      -2.229182908109991,
      -2.2208310771951414,
      -2.1982303496597253,
      -2.1940896815522946,
      -2.2065512807940517,
      -2.2303723794610626,
      -2.255660961055128,
      -2.2737205166065855,
      -2.2806460742638195,
      -2.2678465705591124,
      -2.254346402776487,
      -2.2298405294238033,
      -2.2191798527066875,
      -2.217515447425188,
      -2.2345427868573897,
      -2.259461742086829,
      -2.2782681542436345,
      -2.2892723355202205,
      -2.2777226363598024,
      -2.2529805448650775,
      -2.228317491817612,
      -2.2099856829104882,
      -2.2083294027688414,
      -2.2213853158674683,
      -2.232764621824735,
      -2.252475377514197,
      -2.2622296443102767,
      -2.2519834327251735,
      -2.232520536524209,
      -2.2074766224668245,
      -2.1889070489305724,
      -2.189348816714408,
      -2.2022328045876787,
      -2.2329539528777187
    ],
    "fit_metric": 15.86020845934398,
    "current_quality_factor": 70.11582376580472
  },
  "winding_resistance": 0.19205237960711433,
  "inductance": 5.596399212415709e-05,
  "pid_dq_kp": 0.07032642660912358,
  "pid_dq_ki": 241.34013795125944,
  "torque_bw_hz": 200.0,
  "encoder_filter_bw_hz": 200.0,
  "encoder_filter_kp": 1013.4169850289654,
  "encoder_filter_ki": 256753.49638629958,
  "kv": 319.8898037469334,
  "unwrapped_position_scale": 1.0,
  "motor_position_output_sign": 1.0,
  "abi_version": 269,
  "voltage_mode_control": false,
  "py_version": "0.3.98"
}
