{
  "timestamp": "2026-05-22 23:19:03.099558",
  "device_info": {
    "serial_number": "ACQAPk4wUAQgNDlF",
    "model": "0",
    "git_hash": "c37aeed0e617c2bbb261b592f16ef0d44f491e14",
    "git_dirty": false,
    "git_timestamp": 1769045816,
    "uuid": "2b9e593f-5cde-4e4d-81a7-ab31dc4d49f6"
  },
  "calibration": {
    "invert": false,
    "phase_invert": false,
    "poles": 14,
    "offset": [
      1.3334006653675952,
      1.3292572057752934,
      1.3073518973239053,
      1.2788765564161912,
      1.2473599396837554,
      1.228035488543786,
      1.2110321324608266,
      1.2203945407440535,
      1.2246875742557088,
      1.2394406999241026,
      1.2379463222880789,
      1.232741063315641,
      1.212243143851037,
      1.1912514405715677,
      1.1784040098678223,
      1.177615265664484,
      1.1993692147255979,
      1.2219339753256226,
      1.250876172095285,
      1.2634699375958847,
      1.2614922833187558,
      1.244890696026067,
      1.223389270714015,
      1.2130308327049004,
      1.2150587374891628,
      1.2362302473301174,
      1.2556580471345147,
      1.2807438619678178,
      1.2883709560119596,
      1.2845843488619826,
      1.2763786739020722,
      1.2595356592263496,
      1.2517159191814158,
      1.250876609403661,
      1.2638189818409633,
      1.2736939493517874,
      1.2931228006502116,
      1.296680818123564,
      1.2901255827075209,
      1.266070103638987,
      1.2476703375230367,
      1.2296560302456871,
      1.2210426288556446,
      1.2331420944320228,
      1.2539399521569987,
      1.2798725004094569,
      1.301323231041731,
      1.3018412601852751,
      1.2848186815748799,
      1.2663793891922588,
      1.2466288152107798,
      1.24250226376081,
      1.2557358428246885,
      1.2835206156241774,
      1.310779792803355,
      1.336385237127677,
      1.3423672483278966,
      1.330990640824611,
      1.3155048926866382,
      1.2910674620401246,
      1.282271492271792,
      1.2862424597292992,
      1.3078063712696564,
      1.3225905632491324
    ],
    "fit_metric": 22.71576226540895,
    "current_quality_factor": 62.632407809637314
  },
  "winding_resistance": 0.1498670741998382,
  "inductance": 5.834446176338457e-05,
  "pid_dq_kp": 0.07331781298139982,
  "pid_dq_ki": 188.32851972848323,
  "torque_bw_hz": 200.0,
  "encoder_filter_bw_hz": 200.0,
  "encoder_filter_kp": 1013.4169850289654,
  "encoder_filter_ki": 256753.49638629958,
  "kv": 324.6689098658232,
  "unwrapped_position_scale": 1.0,
  "motor_position_output_sign": 1.0,
  "abi_version": 269,
  "voltage_mode_control": false,
  "py_version": "0.3.98"
}
