{
  "timestamp": "2026-05-20 02:57:09.658104",
  "device_info": {
    "serial_number": "AEsAKFQwUBUgOTNO",
    "model": "0",
    "git_hash": "c37aeed0e617c2bbb261b592f16ef0d44f491e14",
    "git_dirty": false,
    "git_timestamp": 1769045816,
    "uuid": "c3affdfc-e9a3-4c25-9deb-fa83263a4e54"
  },
  "calibration": {
    "invert": false,
    "phase_invert": false,
    "poles": 14,
    "offset": [
      2.710610570335598,
      2.7026170810389156,
      2.7119110818006034,
      2.7114952946069906,
      2.701092470580017,
      2.688442754760458,
      2.6694681953721564,
      2.6529954357882635,
      2.6382730131498446,
      2.6428220383629677,
      2.6411182767808494,
      2.652239356140299,
      2.6571007616942603,
      2.6609316792873816,
      2.65846099612714,
      2.6542907912534517,
      2.645705140271034,
      2.6365902870879023,
      2.6496226554579274,
      2.6575673751189357,
      2.675899902339198,
      2.6886032102091093,
      2.6986880080954547,
      2.694985390080286,
      2.6988663503477555,
      2.693742544149451,
      2.6887649067141943,
      2.6971559537675898,
      2.7045785764321995,
      2.71960564301612,
      2.727829395332365,
      2.731671810781855,
      2.7194587543000863,
      2.7067716934096873,
      2.6860949181125435,
      2.6717899488178447,
      2.6641595865284624,
      2.663542015805374,
      2.6657506031370413,
      2.671858287405065,
      2.67715845552314,
      2.6657341358651543,
      2.6570026625957,
      2.639155768056259,
      2.6292775151057746,
      2.627127380449065,
      2.637973288139456,
      2.6450840397532542,
      2.6589386859006874,
      2.669073077706273,
      2.6723173356978336,
      2.6795643835463934,
      2.677211817420848,
      2.6754169338103653,
      2.6797219131791477,
      2.6950214610243406,
      2.7030957116100516,
      2.7203464333554823,
      2.7349970243960575,
      2.7344445689454355,
      2.7344154778237906,
      2.726033554741138,
      2.719853370444352,
      2.709032378967726
    ],
    "fit_metric": 15.727763361727622,
    "current_quality_factor": 64.95962513124232
  },
  "winding_resistance": 0.1568239850585155,
  "inductance": 4.852966695684813e-05,
  "pid_dq_kp": 0.06098417807711737,
  "pid_dq_ki": 197.07083174660312,
  "torque_bw_hz": 200.0,
  "encoder_filter_bw_hz": 200.0,
  "encoder_filter_kp": 1013.4169850289654,
  "encoder_filter_ki": 256753.49638629958,
  "kv": 315.02011319466294,
  "unwrapped_position_scale": 1.0,
  "motor_position_output_sign": 1.0,
  "abi_version": 269,
  "voltage_mode_control": false,
  "py_version": "0.3.98"
}
