{
  "timestamp": "2026-05-25 04:51:04.540563",
  "device_info": {
    "serial_number": "ADoAP1QwUBEgOTNO",
    "model": "0",
    "git_hash": "f14f789fefeae9caf185b950cf4e32df01d022ea",
    "git_dirty": false,
    "git_timestamp": 1758835305,
    "uuid": "3203356e-ebb8-4991-9e7a-165bb35e4934"
  },
  "calibration": {
    "invert": false,
    "phase_invert": false,
    "poles": 14,
    "offset": [
      1.9127940199396245,
      1.9036467666042955,
      1.8932121796894432,
      1.869154086035146,
      1.8519663388880816,
      1.8469720373659813,
      1.8535609633927466,
      1.8788298357052469,
      1.899627628808061,
      1.927480189729718,
      1.9286705335742746,
      1.9255528468170215,
      1.9114509986859085,
      1.8851998244880335,
      1.8820510592923407,
      1.8870471339330146,
      1.9087306163913493,
      1.9368940312526925,
      1.9687381317318444,
      1.9792411713367952,
      1.9814827520182896,
      1.9706372258542124,
      1.9461171789095908,
      1.9341909890827078,
      1.9222951114149283,
      1.9337103594217133,
      1.944745834892272,
      1.963247719579774,
      1.967421102277837,
      1.9548414913415715,
      1.9397004519403331,
      1.9025840759647952,
      1.8825608300354368,
      1.870322693502786,
      1.8708976834048558,
      1.8853909482814315,
      1.9179629030785021,
      1.9322462365646762,
      1.9353260312238476,
      1.9309026617289329,
      1.8966809630174832,
      1.8868916919710998,
      1.8788480243111232,
      1.886474931908244,
      1.908310824740038,
      1.9275674841298676,
      1.9390096594846888,
      1.929077583665886,
      1.915734930584798,
      1.8890809394744996,
      1.8701009884863629,
      1.8667309427641028,
      1.883162865371594,
      1.9129241211003352,
      1.9521373325546176,
      1.9829452614016427,
      1.9792456629716613,
      1.978167791100195,
      1.9488518626701443,
      1.9168312730773112,
      1.899724286759235,
      1.886791862366846,
      1.8925763149193056,
      1.9007427573587554
    ],
    "fit_metric": 24.439701241814422,
    "current_quality_factor": 84.36471826785773
  },
  "winding_resistance": 0.1864298700108811,
  "inductance": 5.2099090749714286e-05,
  "pid_dq_kp": 0.06546964830320415,
  "pid_dq_ki": 234.27468401435368,
  "torque_bw_hz": 200.0,
  "encoder_filter_bw_hz": 200.0,
  "encoder_filter_kp": 1013.4169850289654,
  "encoder_filter_ki": 256753.49638629958,
  "kv": 307.85187573601996,
  "unwrapped_position_scale": 1.0,
  "motor_position_output_sign": 1.0,
  "abi_version": 268,
  "voltage_mode_control": false,
  "py_version": "0.3.98"
}
