{
  "timestamp": "2026-05-19 03:41:14.597335",
  "device_info": {
    "serial_number": "AEwAI04wUAQgNDlF",
    "model": "0",
    "git_hash": "c37aeed0e617c2bbb261b592f16ef0d44f491e14",
    "git_dirty": false,
    "git_timestamp": 1769045816,
    "uuid": "ab0eec72-3530-44d0-9046-e963f490caf1"
  },
  "calibration": {
    "invert": false,
    "phase_invert": false,
    "poles": 14,
    "offset": [
      -2.9926005364154276,
      -2.9992425019619597,
      -3.03326496572111,
      -3.054843945612807,
      -3.0683443796524785,
      -3.086666966601631,
      -3.0707946372919896,
      -3.0489509073780923,
      -3.04791466437935,
      -3.0478723934860987,
      -3.057377060166619,
      -3.0949968750324834,
      -3.1172929733151955,
      -3.132711534459304,
      -3.149574873321864,
      -3.136275921962591,
      -3.1260728125843262,
      -3.1077074457331952,
      -3.0999121579541877,
      -3.0949701872438067,
      -3.1083581831497535,
      -3.1300772659848897,
      -3.1286980546181815,
      -3.1288528535505615,
      -3.1128454584900225,
      -3.086197432702715,
      -3.0659727175205784,
      -3.052889457689815,
      -3.0340859542860916,
      -3.0491906191228026,
      -3.0693006857809375,
      -3.073710531839858,
      -3.0978002061019594,
      -3.088017994767488,
      -3.074118724143286,
      -3.066395230806841,
      -3.0651037923211257,
      -3.067854318002556,
      -3.087894761814013,
      -3.1098365845060107,
      -3.1248718355622964,
      -3.1430627226411185,
      -3.141095279454685,
      -3.1299422137450024,
      -3.105562041200036,
      -3.1045951178172646,
      -3.0954505696432166,
      -3.1090195493137998,
      -3.137081394856707,
      -3.1373326472556764,
      -3.1439040966045373,
      -3.139104163949838,
      -3.1067598527133926,
      -3.078096651360903,
      -3.056949613680057,
      -3.0346285839795644,
      -3.0380020862597954,
      -3.052484745759756,
      -3.0534460369289125,
      -3.060632004173019,
      -3.047004484472802,
      -3.0244127729870187,
      -3.000850586820117,
      -2.9898383416312626
    ],
    "fit_metric": 26.946599974814475,
    "current_quality_factor": 75.71707173363085
  },
  "winding_resistance": 0.18831344392681273,
  "inductance": 5.2977474545469846e-05,
  "pid_dq_kp": 0.06657345793511533,
  "pid_dq_ki": 236.64165280506734,
  "torque_bw_hz": 200.0,
  "encoder_filter_bw_hz": 200.0,
  "encoder_filter_kp": 1013.4169850289654,
  "encoder_filter_ki": 256753.49638629958,
  "kv": 320.7143953365156,
  "unwrapped_position_scale": 1.0,
  "motor_position_output_sign": 1.0,
  "abi_version": 269,
  "voltage_mode_control": false,
  "py_version": "0.3.98"
}
