{
  "timestamp": "2026-05-22 22:25:52.008166",
  "device_info": {
    "serial_number": "AD4AOE4wUAUgNDlF",
    "model": "0",
    "git_hash": "f14f789fefeae9caf185b950cf4e32df01d022ea",
    "git_dirty": false,
    "git_timestamp": 1758835305,
    "uuid": "e59f8d4f-dd6f-4a42-9c3f-2fb5ef899d25"
  },
  "calibration": {
    "invert": false,
    "phase_invert": false,
    "poles": 14,
    "offset": [
      -2.1715908031311693,
      -2.1718886222816276,
      -2.208080902098713,
      -2.2280079096924377,
      -2.2097703624694285,
      -2.225000181268807,
      -2.2232239619169567,
      -2.2193810208248297,
      -2.2291441454002583,
      -2.228841343763498,
      -2.215568575884777,
      -2.2137345561116066,
      -2.2159714149208773,
      -2.1988927748824234,
      -2.210695795908959,
      -2.2176843733787033,
      -2.201832516735536,
      -2.219321924823687,
      -2.2263726208457517,
      -2.2099245445929183,
      -2.212330080413126,
      -2.2108487936443546,
      -2.1862959728574505,
      -2.191162947439324,
      -2.195608477202923,
      -2.179970476381226,
      -2.1934889148631482,
      -2.1975704209251443,
      -2.19091176255447,
      -2.1950701084710547,
      -2.2087274553115983,
      -2.1958251671222335,
      -2.198061524964711,
      -2.219009259174174,
      -2.215515438077648,
      -2.2278118153758215,
      -2.2470347254675116,
      -2.2388377276977462,
      -2.2317572569877506,
      -2.244935496657407,
      -2.227282769795616,
      -2.220626424401441,
      -2.2307625353652227,
      -2.2112049195269825,
      -2.2136920701441527,
      -2.2234102226767365,
      -2.2131951602089455,
      -2.221732248172903,
      -2.224006164638317,
      -2.2131499597911057,
      -2.206294935872597,
      -2.2160932941281346,
      -2.198035058527578,
      -2.1951154323363586,
      -2.2045449115414995,
      -2.1991634208673263,
      -2.186357283334567,
      -2.19128720043733,
      -2.179607855713949,
      -2.1619864992518805,
      -2.180731962709355,
      -2.1757851702242688,
      -2.1441282488761906,
      -2.169042068022158
    ],
    "fit_metric": 28.899104732819318,
    "current_quality_factor": 60.38102391649988
  },
  "winding_resistance": 0.18651292265878003,
  "inductance": 5.9020282353128726e-05,
  "pid_dq_kp": 0.0741670741813538,
  "pid_dq_ki": 234.37905104975385,
  "torque_bw_hz": 200.0,
  "encoder_filter_bw_hz": 200.0,
  "encoder_filter_kp": 1013.4169850289654,
  "encoder_filter_ki": 256753.49638629958,
  "kv": 322.485799763335,
  "unwrapped_position_scale": 1.0,
  "motor_position_output_sign": 1.0,
  "abi_version": 268,
  "voltage_mode_control": false,
  "py_version": "0.3.98"
}
