{
  "timestamp": "2026-05-08 04:42:28.144627",
  "device_info": {
    "serial_number": "AEsAKFQwUBUgOTNO",
    "model": "0",
    "git_hash": "c37aeed0e617c2bbb261b592f16ef0d44f491e14",
    "git_dirty": false,
    "git_timestamp": 1769045816,
    "uuid": "c3affdfc-e9a3-4c25-9deb-fa83263a4e54"
  },
  "calibration": {
    "invert": false,
    "phase_invert": false,
    "poles": 14,
    "offset": [
      -2.9120291730055263,
      -2.9226165370375248,
      -2.9319019946134297,
      -2.947072669861399,
      -2.9519818272208918,
      -2.9455687380203894,
      -2.946322483226374,
      -2.9486224567477235,
      -2.9420851715607332,
      -2.957010660302721,
      -2.9690097096607957,
      -2.97859868725917,
      -2.986076706253611,
      -2.988062950059854,
      -2.972372455663799,
      -2.9613871645834413,
      -2.960545611548416,
      -2.9514401037783085,
      -2.9583373125891748,
      -2.9646176003563274,
      -2.9713049612814624,
      -2.9716168184842715,
      -2.974351302146938,
      -2.9539261920088644,
      -2.9453093102430388,
      -2.941216023750116,
      -2.9277639229302026,
      -2.9313904679681633,
      -2.94045892030166,
      -2.940474162456528,
      -2.9409633707139684,
      -2.9501811273635146,
      -2.9403446564617846,
      -2.9384349027529333,
      -2.938696849464287,
      -2.934776402571635,
      -2.9409227664448685,
      -2.9591316258299907,
      -2.9692795335407207,
      -2.971255841606636,
      -2.980788414293685,
      -2.9719443164462884,
      -2.9643010086327934,
      -2.9625213094686447,
      -2.962818884752569,
      -2.9594362902125555,
      -2.973818768284852,
      -2.979456722288924,
      -2.9780398455466153,
      -2.9821171636834958,
      -2.9658760531189494,
      -2.946194295417342,
      -2.93445909657373,
      -2.9262875662296786,
      -2.9202518229620544,
      -2.9290675968957927,
      -2.9275884864547033,
      -2.9279294555573707,
      -2.930992446683823,
      -2.9208018839155425,
      -2.9087313634477456,
      -2.8995595849602878,
      -2.8927483165177206,
      -2.8922226853013733
    ],
    "fit_metric": 17.911854284665942,
    "current_quality_factor": 72.37724887579519
  },
  "winding_resistance": 0.1792452537487225,
  "inductance": 5.1023931829838296e-05,
  "pid_dq_kp": 0.06411856375755456,
  "pid_dq_ki": 225.24622894712996,
  "torque_bw_hz": 200.0,
  "encoder_filter_bw_hz": 200.0,
  "encoder_filter_kp": 1013.4169850289654,
  "encoder_filter_ki": 256753.49638629958,
  "kv": 316.2560338858437,
  "unwrapped_position_scale": 1.0,
  "motor_position_output_sign": 1.0,
  "abi_version": 269,
  "voltage_mode_control": false,
  "py_version": "0.3.98"
}
