{
  "timestamp": "2026-05-08 04:15:12.193988",
  "device_info": {
    "serial_number": "ADoAP1QwUBEgOTNO",
    "model": "0",
    "git_hash": "f14f789fefeae9caf185b950cf4e32df01d022ea",
    "git_dirty": false,
    "git_timestamp": 1758835305,
    "uuid": "3203356e-ebb8-4991-9e7a-165bb35e4934"
  },
  "calibration": {
    "invert": false,
    "phase_invert": false,
    "poles": 14,
    "offset": [
      2.091190841579516,
      2.10395612417213,
      2.0927652698204926,
      2.0888665559817903,
      2.076094053986505,
      2.081553804747986,
      2.0851093267726357,
      2.0916296817436035,
      2.100400081977813,
      2.1097436062689727,
      2.1059074879606805,
      2.105700818210601,
      2.108817667040949,
      2.092900803815891,
      2.0595177359168604,
      2.0121625260210174,
      1.9691005356628273,
      1.937324754244539,
      1.9143994267397926,
      1.9099052457501078,
      1.9100292103517666,
      1.9076912173779395,
      1.9035289779042228,
      1.9056827714011364,
      1.9040975078170845,
      1.9077880685816457,
      1.907885802792796,
      1.9100435678895074,
      1.9062350285828686,
      1.898988831257701,
      1.8975081546390318,
      1.8872849134302678,
      1.883800964458717,
      1.884711208069582,
      1.8830815885618193,
      1.8787049427078282,
      1.8844111985924532,
      1.8770279687858278,
      1.8721978037261262,
      1.8759889952902016,
      1.8676672028291255,
      1.870744735134356,
      1.8780043505920294,
      1.8852954766797316,
      1.8914078691671845,
      1.8983468713957254,
      1.898708215273563,
      1.8908731485715027,
      1.8901296071191758,
      1.8844240870610067,
      1.8840694193500098,
      1.890190205313759,
      1.8986582411496733,
      1.9047077928881742,
      1.9169894924380162,
      1.9208250765774464,
      1.913468958486977,
      1.917874161640899,
      1.908403800015305,
      1.9056114782921572,
      1.9233464471327721,
      1.964081069309941,
      2.0131415715049976,
      2.0581526814960007
    ],
    "fit_metric": 19.07236885049566,
    "current_quality_factor": 80.82369115191875
  },
  "winding_resistance": 0.18940759858158626,
  "inductance": 5.4663995551621394e-05,
  "pid_dq_kp": 0.06869280273633556,
  "pid_dq_ki": 238.01660809519836,
  "torque_bw_hz": 200.0,
  "encoder_filter_bw_hz": 200.0,
  "encoder_filter_kp": 1013.4169850289654,
  "encoder_filter_ki": 256753.49638629958,
  "kv": 339.6435798365214,
  "unwrapped_position_scale": 1.0,
  "motor_position_output_sign": 1.0,
  "abi_version": 268,
  "voltage_mode_control": false,
  "py_version": "0.3.98"
}
