{
  "timestamp": "2026-05-21 03:06:48.979088",
  "device_info": {
    "serial_number": "ACQAPk4wUAQgNDlF",
    "model": "0",
    "git_hash": "c37aeed0e617c2bbb261b592f16ef0d44f491e14",
    "git_dirty": false,
    "git_timestamp": 1769045816,
    "uuid": "2b9e593f-5cde-4e4d-81a7-ab31dc4d49f6"
  },
  "calibration": {
    "invert": false,
    "phase_invert": false,
    "poles": 14,
    "offset": [
      -1.6258073460080205,
      -1.6262101588422955,
      -1.6037781373136337,
      -1.5869596797038743,
      -1.5728250054137978,
      -1.5712265699298444,
      -1.5812138032048129,
      -1.601416282091337,
      -1.619848871145264,
      -1.6284184540476179,
      -1.6292190317664867,
      -1.6105153851871667,
      -1.5899105195424368,
      -1.5701639893418617,
      -1.5627494199483551,
      -1.5668441741831554,
      -1.5779991523407235,
      -1.590292583626336,
      -1.5993929623444896,
      -1.5978389247413565,
      -1.579023392965269,
      -1.5639661022962712,
      -1.5404836172357534,
      -1.534938406942204,
      -1.5386350678172251,
      -1.5526130105467606,
      -1.564714336926119,
      -1.5741155829896711,
      -1.5688826077392364,
      -1.5604674223880008,
      -1.554177394997689,
      -1.5402250554364911,
      -1.5415138009122207,
      -1.5556668629735892,
      -1.5793270323006854,
      -1.5993429396238663,
      -1.6183673066608166,
      -1.624851869470822,
      -1.6212272255082574,
      -1.6103343757594817,
      -1.5969419394595064,
      -1.5872086355726178,
      -1.5927518268908365,
      -1.6049849338650073,
      -1.616904138752292,
      -1.636920959227824,
      -1.6392405046528988,
      -1.6316882947489317,
      -1.61477194576399,
      -1.5914068566455744,
      -1.5726504318175216,
      -1.568491773599685,
      -1.5744284428263058,
      -1.5809990852161375,
      -1.5957658199421203,
      -1.5967424960449994,
      -1.5946657294114983,
      -1.5783296357140801,
      -1.5646640432271215,
      -1.555756500787899,
      -1.5534779887133523,
      -1.5675134626532379,
      -1.5908732607990135,
      -1.6148870500014014
    ],
    "fit_metric": 20.460093635411486,
    "current_quality_factor": 88.27682973713495
  },
  "winding_resistance": 0.1786470057729873,
  "inductance": 5.467890815275138e-05,
  "pid_dq_kp": 0.06871154246359791,
  "pid_dq_ki": 224.49444836889214,
  "torque_bw_hz": 200.0,
  "encoder_filter_bw_hz": 200.0,
  "encoder_filter_kp": 1013.4169850289654,
  "encoder_filter_ki": 256753.49638629958,
  "kv": 321.52931999417075,
  "unwrapped_position_scale": 1.0,
  "motor_position_output_sign": 1.0,
  "abi_version": 269,
  "voltage_mode_control": false,
  "py_version": "0.3.98"
}
