{
  "timestamp": "2026-05-24 01:39:46.614952",
  "device_info": {
    "serial_number": "AFEASFQwUBcgOTNO",
    "model": "0",
    "git_hash": "c37aeed0e617c2bbb261b592f16ef0d44f491e14",
    "git_dirty": false,
    "git_timestamp": 1769045816,
    "uuid": "9e3d0745-2af9-4d84-b3cd-bd791b2716f6"
  },
  "calibration": {
    "invert": false,
    "phase_invert": false,
    "poles": 14,
    "offset": [
      2.558873944548918,
      2.5482409792073852,
      2.540142010734569,
      2.531597752079863,
      2.5152263857712773,
      2.50805980550378,
      2.518822179354775,
      2.5249637813818353,
      2.530870728433037,
      2.5418159876799016,
      2.5401492390421705,
      2.5329993581396093,
      2.5320160748705227,
      2.5274201023801384,
      2.5158328434230603,
      2.5239054703372243,
      2.5275273189240415,
      2.5335686066725294,
      2.5517099955907643,
      2.5555492364966486,
      2.549406778461352,
      2.5510930681954944,
      2.544557325436492,
      2.5386328991682765,
      2.5467896992030585,
      2.55059420065211,
      2.55152085217391,
      2.560444557875752,
      2.5643875044324194,
      2.554436630542727,
      2.548165906085912,
      2.5418257551810175,
      2.525815866029075,
      2.5311745712452867,
      2.53894772761857,
      2.5438556946878443,
      2.548889111113801,
      2.559490477175918,
      2.5518516051752114,
      2.553224816329773,
      2.5526724218107195,
      2.5388378655724653,
      2.542258485161923,
      2.5489149913327775,
      2.558588526934737,
      2.5663379443072754,
      2.576743835717349,
      2.5627070801779173,
      2.557388499213896,
      2.551493343629277,
      2.544769455012669,
      2.547048671737719,
      2.5562606841427016,
      2.566879453875781,
      2.5760740964406654,
      2.590063124086859,
      2.58086759110819,
      2.5688805463664965,
      2.5578331386426845,
      2.540357524193301,
      2.5372951505711363,
      2.54712023106853,
      2.547684686351629,
      2.5495513353076724
    ],
    "fit_metric": 15.318140318329199,
    "current_quality_factor": 82.4121322677048
  },
  "winding_resistance": 0.19025120557068675,
  "inductance": 5.510006802227911e-05,
  "pid_dq_kp": 0.06924078756443598,
  "pid_dq_ki": 239.0767159029884,
  "torque_bw_hz": 200.0,
  "encoder_filter_bw_hz": 200.0,
  "encoder_filter_kp": 1013.4169850289654,
  "encoder_filter_ki": 256753.49638629958,
  "kv": 319.199998120328,
  "unwrapped_position_scale": 1.0,
  "motor_position_output_sign": 1.0,
  "abi_version": 269,
  "voltage_mode_control": false,
  "py_version": "0.3.98"
}
