{
  "timestamp": "2026-05-25 07:11:43.404403",
  "device_info": {
    "serial_number": "AD8AKlQwUBAgOTNO",
    "model": "0",
    "git_hash": "c37aeed0e617c2bbb261b592f16ef0d44f491e14",
    "git_dirty": false,
    "git_timestamp": 1769045816,
    "uuid": "3c280931-baaf-44e8-ac72-7b3cb6f35e98"
  },
  "calibration": {
    "invert": false,
    "phase_invert": false,
    "poles": 14,
    "offset": [
      1.6231217712635515,
      1.6302663078971213,
      1.6169377604589232,
      1.5982687984561645,
      1.5779421926260377,
      1.5731799348651658,
      1.5849051360834452,
      1.5955792133336386,
      1.6162503237836985,
      1.633728320496083,
      1.6366549245000177,
      1.6265587630745288,
      1.6165760145567427,
      1.5934841905629578,
      1.5815948911586382,
      1.591728166591443,
      1.608219760427678,
      1.6308283060480016,
      1.6534469688431994,
      1.6690545782505013,
      1.6700741382610347,
      1.6699297088226166,
      1.6517518727337475,
      1.6372163206204522,
      1.6350413770762038,
      1.6333926413481707,
      1.6447232615981124,
      1.6483909502208731,
      1.6429353605988575,
      1.6173793059617727,
      1.607432174482066,
      1.5862275250981,
      1.5775850429607101,
      1.567906440798736,
      1.5493076967346784,
      1.5378826326315436,
      1.5418929717044954,
      1.5503938619863469,
      1.5676611208152715,
      1.588617228640324,
      1.5872839240496892,
      1.572624646931214,
      1.5593253790564463,
      1.5528304231600032,
      1.546691347243163,
      1.5491369163932356,
      1.5578736684988626,
      1.5595566012132336,
      1.5559238414054692,
      1.5416166236966722,
      1.5215678094429692,
      1.5177296451832192,
      1.5383783892129088,
      1.5787482032561908,
      1.6337439462887016,
      1.6871122828192249,
      1.6999248922168808,
      1.6849607915989866,
      1.6445967366207253,
      1.5892315988395813,
      1.5500786420996884,
      1.542563706253856,
      1.5576167993991545,
      1.590450857494329
    ],
    "fit_metric": 19.815768821106946,
    "current_quality_factor": 78.74865073760938
  },
  "winding_resistance": 0.197470028567477,
  "inductance": 5.310548631660182e-05,
  "pid_dq_kp": 0.06673432227101982,
  "pid_dq_ki": 248.14815642070093,
  "torque_bw_hz": 200.0,
  "encoder_filter_bw_hz": 200.0,
  "encoder_filter_kp": 1013.4169850289654,
  "encoder_filter_ki": 256753.49638629958,
  "kv": 305.8732260733701,
  "unwrapped_position_scale": 1.0,
  "motor_position_output_sign": 1.0,
  "abi_version": 269,
  "voltage_mode_control": false,
  "py_version": "0.3.98"
}
