{
  "timestamp": "2026-05-21 04:10:40.454159",
  "device_info": {
    "serial_number": "AEYAK04wUAQgNDlF",
    "model": "0",
    "git_hash": "c37aeed0e617c2bbb261b592f16ef0d44f491e14",
    "git_dirty": false,
    "git_timestamp": 1769045816,
    "uuid": "3ace0c14-9f4a-4c25-b403-5772292d36c0"
  },
  "calibration": {
    "invert": false,
    "phase_invert": false,
    "poles": 14,
    "offset": [
      3.1257240621627145,
      3.1085050791166786,
      3.077178010299812,
      3.048499107817325,
      3.0357893939727987,
      3.0307746199565058,
      3.0522506362340196,
      3.079244548685091,
      3.0949890650527956,
      3.1045157207698586,
      3.1014236774836443,
      3.084667936261152,
      3.0653486006399118,
      3.0619027555702574,
      3.0617338480955603,
      3.0831709682484556,
      3.106685681355582,
      3.1291500969865425,
      3.137358929180043,
      3.1364379176698973,
      3.1211156244165355,
      3.1012103609112716,
      3.0966840168977656,
      3.094182974789023,
      3.1128515884232932,
      3.1407036657042386,
      3.1597187451421713,
      3.167777040391288,
      3.1650311546287537,
      3.1397387029093236,
      3.109201217313971,
      3.0872106617176653,
      3.070070867793507,
      3.075696649711822,
      3.086636599971724,
      3.1014934520043407,
      3.10683810288062,
      3.100628633048847,
      3.082173440420771,
      3.056320790369453,
      3.0363184693270675,
      3.0302654282116954,
      3.04370941490824,
      3.0690597881506614,
      3.098393981399419,
      3.11236725421858,
      3.117749336175694,
      3.100445903624159,
      3.0790982552698636,
      3.067440051769342,
      3.0644766168874806,
      3.0729641412856528,
      3.1009826672093297,
      3.127511086678425,
      3.1425776985333553,
      3.1473311640388517,
      3.1308498380545875,
      3.106330800015243,
      3.0845191724411016,
      3.0773349789663347,
      3.080793157798206,
      3.0995521545367652,
      3.1190613116833794,
      3.128770428634844
    ],
    "fit_metric": 18.102221437240374,
    "current_quality_factor": 105.82889592362544
  },
  "winding_resistance": 0.18401923451242916,
  "inductance": 5.537810976190379e-05,
  "pid_dq_kp": 0.06959018511907446,
  "pid_dq_ki": 231.24539010538592,
  "torque_bw_hz": 200.0,
  "encoder_filter_bw_hz": 200.0,
  "encoder_filter_kp": 1013.4169850289654,
  "encoder_filter_ki": 256753.49638629958,
  "kv": 320.3190660405395,
  "unwrapped_position_scale": 1.0,
  "motor_position_output_sign": 1.0,
  "abi_version": 269,
  "voltage_mode_control": false,
  "py_version": "0.3.98"
}
