{
  "timestamp": "2026-03-06 19:50:12.977420",
  "device_info": {
    "serial_number": "ADEAHVIwUAEgNTBZ",
    "model": "0",
    "git_hash": "f14f789fefeae9caf185b950cf4e32df01d022ea",
    "git_dirty": false,
    "git_timestamp": 1758835305,
    "uuid": "1ef29c39-f7a0-48e9-9083-0d740b743975"
  },
  "calibration": {
    "invert": false,
    "phase_invert": true,
    "poles": 14,
    "offset": [
      -2.0944397073441814,
      -2.099636008766833,
      -2.103120267158358,
      -2.101259164733655,
      -2.0974777215341924,
      -2.1049346411260372,
      -2.105043688577432,
      -2.109550975755601,
      -2.1167916521936467,
      -2.118113684076884,
      -2.112207076826115,
      -2.104107156154045,
      -2.1014000563539947,
      -2.08879361915326,
      -2.0965547122795707,
      -2.099901197395098,
      -2.0934959494997645,
      -2.108927140556242,
      -2.111086530892105,
      -2.1020847565246377,
      -2.0975349301152777,
      -2.086264362561039,
      -2.070726331529453,
      -2.0756636461275644,
      -2.0819777792761207,
      -2.0896071106687746,
      -2.1082296077226936,
      -2.11956986264187,
      -2.1270686881552905,
      -2.1328024834566484,
      -2.1367686603841536,
      -2.138387519963342,
      -2.1396076534679596,
      -2.1637943860195676,
      -2.175920936972497,
      -2.1959353816653064,
      -2.216877257206793,
      -2.217691709020743,
      -2.212386025319698,
      -2.2170591656255,
      -2.2054223025028423,
      -2.198368982163167,
      -2.2065156439885873,
      -2.193376012335388,
      -2.2021163420552448,
      -2.1995221171813024,
      -2.1911593723310645,
      -2.1810695710797843,
      -2.164182729260052,
      -2.151423250433082,
      -2.133690807487825,
      -2.132356044930127,
      -2.1169839178137413,
      -2.1131489593843122,
      -2.1090397753007983,
      -2.100783109673153,
      -2.0943702719305457,
      -2.0933172943234135,
      -2.086304788042449,
      -2.071468470693888,
      -2.0868623352584783,
      -2.083477734324101,
      -2.0880853940188024,
      -2.0983072095155655
    ],
    "fit_metric": 19.98352183304787,
    "current_quality_factor": 66.20520042382799
  },
  "winding_resistance": 0.19521538562024332,
  "inductance": 5.642494506209613e-05,
  "pid_dq_kp": 0.07090567715451555,
  "pid_dq_ki": 245.314888532902,
  "torque_bw_hz": 200.0,
  "encoder_filter_bw_hz": 200.0,
  "encoder_filter_kp": 1013.4169850289654,
  "encoder_filter_ki": 256753.49638629958,
  "kv": 324.39115920043054,
  "unwrapped_position_scale": 1.0,
  "motor_position_output_sign": 1.0,
  "abi_version": 268,
  "voltage_mode_control": false,
  "py_version": "0.3.98"
}
