{
  "timestamp": "2026-05-25 04:05:12.504174",
  "device_info": {
    "serial_number": "ACQAPk4wUAQgNDlF",
    "model": "0",
    "git_hash": "c37aeed0e617c2bbb261b592f16ef0d44f491e14",
    "git_dirty": false,
    "git_timestamp": 1769045816,
    "uuid": "2b9e593f-5cde-4e4d-81a7-ab31dc4d49f6"
  },
  "calibration": {
    "invert": false,
    "phase_invert": false,
    "poles": 14,
    "offset": [
      -1.916720378804898,
      -1.9012670099885305,
      -1.8688172014312754,
      -1.8365739855973944,
      -1.8070661899169966,
      -1.7985007337773504,
      -1.8034374173029963,
      -1.8241056461797633,
      -1.8430324345643896,
      -1.8536324246912037,
      -1.8538488162529834,
      -1.834651973875316,
      -1.8088584302793291,
      -1.7788136911262806,
      -1.7618523159690151,
      -1.7535765264255023,
      -1.7585010812725235,
      -1.763156350596984,
      -1.7622415077785283,
      -1.7547361564178534,
      -1.7359879407018333,
      -1.718253634532772,
      -1.6982039249189302,
      -1.6899004835338387,
      -1.6960014053131576,
      -1.717338340174606,
      -1.7367405454062117,
      -1.7577821295033897,
      -1.762692601266003,
      -1.750388875489216,
      -1.7242275383896168,
      -1.6906652202196735,
      -1.6660070491269308,
      -1.6623967826136425,
      -1.6848433790193897,
      -1.7230502080214674,
      -1.7637464922809656,
      -1.7944005910726215,
      -1.8083014226861864,
      -1.7971535347238041,
      -1.7819947960191849,
      -1.767707477868666,
      -1.7692277326305867,
      -1.784560300011508,
      -1.8024677817327421,
      -1.8142763326694862,
      -1.796770886184068,
      -1.797677248735163,
      -1.7836535041922195,
      -1.769925630601484,
      -1.7627336458814071,
      -1.7751587591090412,
      -1.7722635548022174,
      -1.7919564503160754,
      -1.8239040466521554,
      -1.848176990415972,
      -1.8659988898800635,
      -1.8656932697372768,
      -1.8619292175892992,
      -1.852593002324969,
      -1.8571762882777194,
      -1.871583237807123,
      -1.8985796093567902,
      -1.9149815511600388
    ],
    "fit_metric": 22.482432463111905,
    "current_quality_factor": 106.97047692758825
  },
  "winding_resistance": 0.1834729633866249,
  "inductance": 5.4495932036556535e-05,
  "pid_dq_kp": 0.06848160789462987,
  "pid_dq_ki": 230.55892556310795,
  "torque_bw_hz": 200.0,
  "encoder_filter_bw_hz": 200.0,
  "encoder_filter_kp": 1013.4169850289654,
  "encoder_filter_ki": 256753.49638629958,
  "kv": 303.0131608110778,
  "unwrapped_position_scale": 1.0,
  "motor_position_output_sign": 1.0,
  "abi_version": 269,
  "voltage_mode_control": false,
  "py_version": "0.3.98"
}
