{
  "timestamp": "2026-05-23 17:58:26.049291",
  "device_info": {
    "serial_number": "ADUAK04wUAQgNDlF",
    "model": "0",
    "git_hash": "c37aeed0e617c2bbb261b592f16ef0d44f491e14",
    "git_dirty": false,
    "git_timestamp": 1769045816,
    "uuid": "2128bb6f-b8da-4bc4-8677-c4611542ce94"
  },
  "calibration": {
    "invert": false,
    "phase_invert": false,
    "poles": 14,
    "offset": [
      -2.641505915139235,
      -2.654003743319523,
      -2.6813587676154484,
      -2.7096071027424173,
      -2.733779325487457,
      -2.7470580744174353,
      -2.7394577984173716,
      -2.7274031234660985,
      -2.7107844197987543,
      -2.7048412346011914,
      -2.715868505185004,
      -2.7313554620402125,
      -2.7603780448253152,
      -2.7852228488335955,
      -2.787646368482013,
      -2.789484114810862,
      -2.769243556197655,
      -2.746662556275776,
      -2.7382404661194077,
      -2.7319080875860213,
      -2.746061482914327,
      -2.7657802570320635,
      -2.7834343524171197,
      -2.7864039389634474,
      -2.771498703817365,
      -2.7450153854981383,
      -2.723053696554476,
      -2.700305510334588,
      -2.6952176837511477,
      -2.7092782579075387,
      -2.726099755053743,
      -2.7550472447400556,
      -2.7595175035508315,
      -2.758880557991837,
      -2.7454792788402314,
      -2.7218113423138948,
      -2.7070818482041266,
      -2.7080783725729227,
      -2.7159176190371612,
      -2.7396798366249797,
      -2.7648220507606065,
      -2.768383656666322,
      -2.7752288590378984,
      -2.7498393725453143,
      -2.7260861565866663,
      -2.7082209636285604,
      -2.700727017347525,
      -2.7176494056326694,
      -2.7368617577581325,
      -2.7587277889709787,
      -2.7661374094939792,
      -2.7620057888744745,
      -2.738485393987796,
      -2.7067333095474524,
      -2.6755065232140183,
      -2.6662034941054324,
      -2.6666082459922493,
      -2.679306681323886,
      -2.7047399196999438,
      -2.7061008429532665,
      -2.7072426071908313,
      -2.690228011174024,
      -2.6622846725048066,
      -2.647372326834543
    ],
    "fit_metric": 28.999537217111232,
    "current_quality_factor": 73.81253490814025
  },
  "winding_resistance": 0.18680304354740662,
  "inductance": 5.502297949564954e-05,
  "pid_dq_kp": 0.06914391526486177,
  "pid_dq_ki": 234.74362771069875,
  "torque_bw_hz": 200.0,
  "encoder_filter_bw_hz": 200.0,
  "encoder_filter_kp": 1013.4169850289654,
  "encoder_filter_ki": 256753.49638629958,
  "kv": 315.2542090877719,
  "unwrapped_position_scale": 1.0,
  "motor_position_output_sign": 1.0,
  "abi_version": 269,
  "voltage_mode_control": false,
  "py_version": "0.3.98"
}
