{
  "timestamp": "2026-05-24 01:48:51.758647",
  "device_info": {
    "serial_number": "AEYAK04wUAQgNDlF",
    "model": "0",
    "git_hash": "c37aeed0e617c2bbb261b592f16ef0d44f491e14",
    "git_dirty": false,
    "git_timestamp": 1769045816,
    "uuid": "3ace0c14-9f4a-4c25-b403-5772292d36c0"
  },
  "calibration": {
    "invert": false,
    "phase_invert": false,
    "poles": 14,
    "offset": [
      2.6370322815930516,
      2.6313370424748626,
      2.6060821555555282,
      2.5740266521888056,
      2.552448174308575,
      2.548845248907465,
      2.557504116868096,
      2.5856823964198226,
      2.6142871430649657,
      2.6297646675364117,
      2.6332500046797516,
      2.621704060710084,
      2.601666218670978,
      2.5870260015086677,
      2.5879581277410932,
      2.596409249116998,
      2.6277027606483747,
      2.6534922876521745,
      2.665449591343942,
      2.668524756121276,
      2.655429330790493,
      2.6365631244695837,
      2.616920083666702,
      2.615074272598836,
      2.6180768259928735,
      2.6363492546622673,
      2.6555340153813183,
      2.6645784477990855,
      2.664971525996932,
      2.645394278458688,
      2.617728366801385,
      2.588201933003282,
      2.575937327036976,
      2.567113938603786,
      2.5807744072860728,
      2.5994613138308766,
      2.6120154799858732,
      2.6161202373229684,
      2.6084081576751235,
      2.5893521966973703,
      2.566032546740232,
      2.559851556800752,
      2.5626507960573646,
      2.5878815064475282,
      2.616259036915826,
      2.638898194691203,
      2.651538862193816,
      2.649401736798675,
      2.6321740658731767,
      2.6110657883163952,
      2.601120269410286,
      2.5987689402236174,
      2.6146132637844604,
      2.644548399845074,
      2.669816485848237,
      2.6775428713772014,
      2.673570475745299,
      2.6500003480313574,
      2.619294831374743,
      2.6004162369525767,
      2.5904939386286943,
      2.5936417425422524,
      2.612354436811506,
      2.631884555055243
    ],
    "fit_metric": 18.7749164670916,
    "current_quality_factor": 82.68365330064441
  },
  "winding_resistance": 0.17911097610504148,
  "inductance": 5.495203054833615e-05,
  "pid_dq_kp": 0.0690547581881979,
  "pid_dq_ki": 225.07749068355812,
  "torque_bw_hz": 200.0,
  "encoder_filter_bw_hz": 200.0,
  "encoder_filter_kp": 1013.4169850289654,
  "encoder_filter_ki": 256753.49638629958,
  "kv": 317.48128650915413,
  "unwrapped_position_scale": 1.0,
  "motor_position_output_sign": 1.0,
  "abi_version": 269,
  "voltage_mode_control": false,
  "py_version": "0.3.98"
}
