{
  "timestamp": "2026-05-23 17:09:06.778867",
  "device_info": {
    "serial_number": "AEwAI04wUAQgNDlF",
    "model": "0",
    "git_hash": "c37aeed0e617c2bbb261b592f16ef0d44f491e14",
    "git_dirty": false,
    "git_timestamp": 1769045816,
    "uuid": "ab0eec72-3530-44d0-9046-e963f490caf1"
  },
  "calibration": {
    "invert": false,
    "phase_invert": false,
    "poles": 14,
    "offset": [
      -0.687026070246497,
      -0.6931255309217764,
      -0.6929532895841448,
      -0.6794841548964897,
      -0.6640491234112368,
      -0.6739343504385393,
      -0.6671384252562429,
      -0.6922240406697273,
      -0.7193051391046763,
      -0.7339780625746267,
      -0.7502865768787021,
      -0.7453082572688935,
      -0.7215877964842187,
      -0.6984732647673673,
      -0.6941530647609585,
      -0.6860621417287026,
      -0.7059905021681331,
      -0.7212469909991552,
      -0.7344790744603236,
      -0.7392713527031997,
      -0.7330889884502017,
      -0.7142059756517165,
      -0.6784052953045019,
      -0.6648219433915015,
      -0.6465713692769594,
      -0.6488706645208054,
      -0.6681986650793191,
      -0.670595058866909,
      -0.6753811431889559,
      -0.68054055456221,
      -0.6649570790881572,
      -0.6448315821083123,
      -0.6513248596582548,
      -0.6399542477888641,
      -0.6542030997152618,
      -0.6858095927111787,
      -0.7047371461042705,
      -0.7221241091774472,
      -0.7251402786750039,
      -0.7086353267505433,
      -0.6865409340933054,
      -0.6758972636539927,
      -0.6705252010063142,
      -0.6739449882520581,
      -0.6952976159439882,
      -0.719162685548664,
      -0.7283891313100795,
      -0.7362056915474536,
      -0.7227461491939232,
      -0.6857409044622487,
      -0.671507624672968,
      -0.6608468003595004,
      -0.6520480825275325,
      -0.6775963539874857,
      -0.6889081399121532,
      -0.688911517786319,
      -0.6861845900758822,
      -0.6639417718136493,
      -0.636574717678832,
      -0.6146778119608453,
      -0.6072409438931362,
      -0.6085050676260599,
      -0.6374800598022069,
      -0.6673011256872893
    ],
    "fit_metric": 25.540068685873614,
    "current_quality_factor": 82.54489584054507
  },
  "winding_resistance": 0.18390927023915768,
  "inductance": 5.2756505092253823e-05,
  "pid_dq_kp": 0.06629577953075885,
  "pid_dq_ki": 231.1072049241591,
  "torque_bw_hz": 200.0,
  "encoder_filter_bw_hz": 200.0,
  "encoder_filter_kp": 1013.4169850289654,
  "encoder_filter_ki": 256753.49638629958,
  "kv": 320.70827371168946,
  "unwrapped_position_scale": 1.0,
  "motor_position_output_sign": 1.0,
  "abi_version": 269,
  "voltage_mode_control": false,
  "py_version": "0.3.98"
}
