{
  "timestamp": "2026-05-25 04:09:11.474544",
  "device_info": {
    "serial_number": "AEwAI04wUAQgNDlF",
    "model": "0",
    "git_hash": "c37aeed0e617c2bbb261b592f16ef0d44f491e14",
    "git_dirty": false,
    "git_timestamp": 1769045816,
    "uuid": "ab0eec72-3530-44d0-9046-e963f490caf1"
  },
  "calibration": {
    "invert": false,
    "phase_invert": false,
    "poles": 14,
    "offset": [
      -0.9182157058283887,
      -0.9295514972318705,
      -0.9378585299358292,
      -0.9283332321668033,
      -0.9255578734114868,
      -0.9267835763016217,
      -0.938836644702217,
      -0.9575872533944843,
      -0.975015316864749,
      -0.9898020503944202,
      -0.9741632293447862,
      -0.9639609031980392,
      -0.9356210382319108,
      -0.91200795983222,
      -0.9066066127164926,
      -0.9005708053440811,
      -0.9067226374197594,
      -0.9330984418017411,
      -0.9576487306513914,
      -0.9629725829647199,
      -0.9808764350661908,
      -0.9572272232798438,
      -0.9374356484728504,
      -0.9213445434044685,
      -0.9070487041127133,
      -0.9045929977944841,
      -0.9010759105631073,
      -0.9121502531269118,
      -0.9137923770719709,
      -0.9216661059790411,
      -0.913043269808486,
      -0.9118070619067199,
      -0.9041016456701587,
      -0.9103748207759592,
      -0.923119725770504,
      -0.9512514459369267,
      -0.9890510064156551,
      -0.9953100756273665,
      -1.0142983149950089,
      -1.0149531614573772,
      -0.9994677116282022,
      -0.9926244513382693,
      -0.9837944893152837,
      -0.9716096509314853,
      -0.9751586117732002,
      -0.9848268381959543,
      -0.9794727386530853,
      -0.9790219299671968,
      -0.96310951949718,
      -0.9446056697294475,
      -0.9340193773613436,
      -0.9352592680921736,
      -0.9491901630311329,
      -0.9675188890224535,
      -0.9909464977621927,
      -0.9885939064361311,
      -0.9730224316459736,
      -0.9518928881910854,
      -0.9000437121833933,
      -0.8668396285367143,
      -0.8538231159831375,
      -0.8468295357709154,
      -0.870637729680523,
      -0.8995622323057336
    ],
    "fit_metric": 25.357731314491225,
    "current_quality_factor": 63.80693090781477
  },
  "winding_resistance": 0.18707771265453652,
  "inductance": 5.405286842527532e-05,
  "pid_dq_kp": 0.06792483774012026,
  "pid_dq_ki": 235.08878709034968,
  "torque_bw_hz": 200.0,
  "encoder_filter_bw_hz": 200.0,
  "encoder_filter_kp": 1013.4169850289654,
  "encoder_filter_ki": 256753.49638629958,
  "kv": 310.4794685637659,
  "unwrapped_position_scale": 1.0,
  "motor_position_output_sign": 1.0,
  "abi_version": 269,
  "voltage_mode_control": false,
  "py_version": "0.3.98"
}
