{
  "timestamp": "2026-05-25 04:34:45.098956",
  "device_info": {
    "serial_number": "ADEAHVIwUAEgNTBZ",
    "model": "0",
    "git_hash": "f14f789fefeae9caf185b950cf4e32df01d022ea",
    "git_dirty": false,
    "git_timestamp": 1758835305,
    "uuid": "1ef29c39-f7a0-48e9-9083-0d740b743975"
  },
  "calibration": {
    "invert": false,
    "phase_invert": false,
    "poles": 14,
    "offset": [
      2.9149266769136415,
      2.9280788362847736,
      2.9541614180545706,
      2.977193567447611,
      3.00500288202484,
      3.036625325212569,
      3.0507746368341393,
      3.06811808186338,
      3.0916969451132204,
      3.115082743928476,
      3.143658786834298,
      3.173389643074499,
      3.1945731729946583,
      3.1573635940415117,
      3.1314354328092615,
      3.1065355858522965,
      3.0598132053282323,
      3.0678775819808624,
      3.078112465027214,
      3.0844223322464663,
      3.102485162893426,
      3.119063781755093,
      3.127984923846392,
      3.1429742202736124,
      3.1459832020063243,
      3.143698888382843,
      3.142493129149726,
      3.131014487472175,
      3.1253946998860873,
      3.1156351396454816,
      3.111367489101332,
      3.1001807838293605,
      3.082843762514337,
      3.064546502767965,
      3.030330447511466,
      3.003544001218285,
      2.9871371450363537,
      2.9735478390800854,
      2.975888442175153,
      2.996691075514289,
      3.002888776486231,
      3.0130462893990066,
      3.020230251016576,
      3.000184703858013,
      2.9835759846143928,
      2.959704318355047,
      2.937817574932149,
      2.9255326119946434,
      2.916747433772613,
      2.9066966529331952,
      2.8959518075564468,
      2.8977866523161118,
      2.9051426165697687,
      2.918283905054057,
      2.9354624023275746,
      2.9492936465312676,
      2.945957994669753,
      2.9460319518180893,
      2.9441503372408317,
      2.9246309745527084,
      2.9222289993800947,
      2.908668714614022,
      2.900606034568362,
      2.910160595005114
    ],
    "fit_metric": 20.202526244450677,
    "current_quality_factor": 77.1234099830213
  },
  "winding_resistance": 0.18505885154860424,
  "inductance": 5.372856420787313e-05,
  "pid_dq_kp": 0.06751730504135268,
  "pid_dq_ki": 232.55181140274368,
  "torque_bw_hz": 200.0,
  "encoder_filter_bw_hz": 200.0,
  "encoder_filter_kp": 1013.4169850289654,
  "encoder_filter_ki": 256753.49638629958,
  "kv": 303.77219932622484,
  "unwrapped_position_scale": 1.0,
  "motor_position_output_sign": 1.0,
  "abi_version": 268,
  "voltage_mode_control": false,
  "py_version": "0.3.98"
}
