{
  "timestamp": "2026-04-05 18:50:48.270071",
  "device_info": {
    "serial_number": "ADEAHVIwUAEgNTBZ",
    "model": "0",
    "git_hash": "f14f789fefeae9caf185b950cf4e32df01d022ea",
    "git_dirty": false,
    "git_timestamp": 1758835305,
    "uuid": "1ef29c39-f7a0-48e9-9083-0d740b743975"
  },
  "calibration": {
    "invert": false,
    "phase_invert": true,
    "poles": 14,
    "offset": [
      0.6074149730448819,
      0.589863912308094,
      0.5963900657941286,
      0.60273480684092,
      0.6039492270273742,
      0.6125932934852159,
      0.6226441848701597,
      0.6241712678883874,
      0.6275254966909194,
      0.6412594745368317,
      0.6453917138575852,
      0.6561485712652073,
      0.6605017289758913,
      0.6617695800812888,
      0.658825533405409,
      0.6550868433793803,
      0.6484723890376564,
      0.6366331169354466,
      0.6376317611252007,
      0.6314402282087709,
      0.6348546402344148,
      0.6545063512099656,
      0.6555607585388743,
      0.6584752677726288,
      0.6654650302787806,
      0.6570643619690416,
      0.6466195887954196,
      0.6389846852362969,
      0.618925988164645,
      0.599411240055324,
      0.5857258614411852,
      0.57089044612403,
      0.5577257178570102,
      0.5379175136384221,
      0.5258823017718905,
      0.5069566049868308,
      0.5020562405749548,
      0.5041677449715898,
      0.507258267798082,
      0.5229274419414958,
      0.5361037548797711,
      0.5485744968149058,
      0.5610555138824915,
      0.5685768600030326,
      0.5498461162556936,
      0.5398373530775162,
      0.5256824443389682,
      0.505578066234742,
      0.5079834970693138,
      0.5050940071594849,
      0.5092419682562304,
      0.5148248927389152,
      0.5274486299443778,
      0.5401362341911777,
      0.5518374963326383,
      0.5744777145324363,
      0.5871708095289403,
      0.6099546164143627,
      0.6265353625659175,
      0.637266558803997,
      0.6337226048863792,
      0.6316685956740401,
      0.6141994431836574,
      0.6047170357259342
    ],
    "fit_metric": 18.642014581852603,
    "current_quality_factor": 74.84647456096576
  },
  "winding_resistance": 0.19931908428432396,
  "inductance": 5.128337742175755e-05,
  "pid_dq_kp": 0.06444459270378647,
  "pid_dq_ki": 250.4717483631508,
  "torque_bw_hz": 200.0,
  "encoder_filter_bw_hz": 200.0,
  "encoder_filter_kp": 1013.4169850289654,
  "encoder_filter_ki": 256753.49638629958,
  "kv": 314.02801962165245,
  "unwrapped_position_scale": 1.0,
  "motor_position_output_sign": 1.0,
  "abi_version": 268,
  "voltage_mode_control": false,
  "py_version": "0.3.98"
}
