{
  "timestamp": "2026-05-21 03:18:57.787070",
  "device_info": {
    "serial_number": "AEwAI04wUAQgNDlF",
    "model": "0",
    "git_hash": "c37aeed0e617c2bbb261b592f16ef0d44f491e14",
    "git_dirty": false,
    "git_timestamp": 1769045816,
    "uuid": "ab0eec72-3530-44d0-9046-e963f490caf1"
  },
  "calibration": {
    "invert": false,
    "phase_invert": false,
    "poles": 14,
    "offset": [
      -2.088388447382091,
      -2.123469686026116,
      -2.1499151463570034,
      -2.1557399347682513,
      -2.1548797202413748,
      -2.1326952167742066,
      -2.1064691939721745,
      -2.1138113314626232,
      -2.10473060677674,
      -2.126440303896709,
      -2.157780581769672,
      -2.1706959704847177,
      -2.180536589990377,
      -2.177519075970323,
      -2.1516622090461843,
      -2.1257986679704746,
      -2.1213137774238806,
      -2.1109252877045943,
      -2.1271737792891217,
      -2.1407272382459532,
      -2.155733164924714,
      -2.1594961912105775,
      -2.1541995278500354,
      -2.1407138403187966,
      -2.1082599681403704,
      -2.100413948044192,
      -2.090029325048269,
      -2.097262281959126,
      -2.125756639506864,
      -2.1454060630489455,
      -2.1509188202163787,
      -2.165016006789095,
      -2.156518954659643,
      -2.138257600291404,
      -2.145530665631741,
      -2.1360999662535685,
      -2.1480651280005323,
      -2.176566706724276,
      -2.1988290379646265,
      -2.2132400226238893,
      -2.2173566678849967,
      -2.2038612135329254,
      -2.179662722135362,
      -2.1690697112452644,
      -2.164533332934432,
      -2.162545460971782,
      -2.179291144284876,
      -2.2005748764191915,
      -2.2018755034640156,
      -2.202248917971701,
      -2.1861733917291515,
      -2.1435397661318882,
      -2.123740982048579,
      -2.1107048588601445,
      -2.0976998414059143,
      -2.1210116173743057,
      -2.1356572009291592,
      -2.1352247530506183,
      -2.1327960907603267,
      -2.112634230507546,
      -2.0823652551656577,
      -2.0596343571085893,
      -2.0512627136516524,
      -2.0567315007101072
    ],
    "fit_metric": 25.360312856809713,
    "current_quality_factor": 58.784880152611336
  },
  "winding_resistance": 0.18257943440982577,
  "inductance": 5.35622537993694e-05,
  "pid_dq_kp": 0.06730831321832435,
  "pid_dq_ki": 229.43608393539526,
  "torque_bw_hz": 200.0,
  "encoder_filter_bw_hz": 200.0,
  "encoder_filter_kp": 1013.4169850289654,
  "encoder_filter_ki": 256753.49638629958,
  "kv": 321.64196615723233,
  "unwrapped_position_scale": 1.0,
  "motor_position_output_sign": 1.0,
  "abi_version": 269,
  "voltage_mode_control": false,
  "py_version": "0.3.98"
}
