{
  "timestamp": "2026-05-08 01:47:02.105119",
  "device_info": {
    "serial_number": "ADEAHVIwUAEgNTBZ",
    "model": "0",
    "git_hash": "f14f789fefeae9caf185b950cf4e32df01d022ea",
    "git_dirty": false,
    "git_timestamp": 1758835305,
    "uuid": "1ef29c39-f7a0-48e9-9083-0d740b743975"
  },
  "calibration": {
    "invert": false,
    "phase_invert": false,
    "poles": 14,
    "offset": [
      2.3712072438562917,
      2.3717833194884186,
      2.3406383669105497,
      2.325182388940562,
      2.342351215138208,
      2.3061989754495555,
      2.3648319707521415,
      2.441854845921132,
      2.4503257229276345,
      2.3932834352055865,
      2.3592161343125584,
      2.424367354336044,
      2.466095721268308,
      2.425940330009656,
      2.4391675080196373,
      2.449349117852344,
      2.513905347670798,
      2.5622585068360486,
      2.4467206910338333,
      2.3646049237987534,
      2.3691237695902263,
      2.3576957533819045,
      2.3765530609197425,
      2.3736830383389353,
      2.3393279360927637,
      2.4473652916287216,
      2.5194295699211677,
      2.496981927608573,
      2.4631091103609766,
      2.476862237459435,
      2.537316292970314,
      2.515791336890218,
      2.473826964764238,
      2.4893300078271134,
      2.509690276667277,
      2.573902885024465,
      2.527856582623201,
      2.4505964836655436,
      2.493883918615562,
      2.518552493905297,
      2.5132173504176154,
      2.5593280299711463,
      2.716594544222034,
      2.050039732879412,
      2.0680390586379005,
      2.1889257494319754,
      2.0773749381235023,
      2.0751884607667046,
      2.0424640874694227,
      2.1085133469552937,
      2.0981980805941727,
      2.0544469049498173,
      2.091279604381808,
      2.199511069351294,
      2.282169888123162,
      2.2325754584779394,
      2.16620827301943,
      2.202774832980926,
      2.2384555880451975,
      2.2532108393772017,
      2.293922446356735,
      2.2671880187866216,
      2.3688946423231765,
      2.4357151681042515
    ],
    "fit_metric": 9.127747289443809,
    "current_quality_factor": 99.40556683629934
  },
  "winding_resistance": 0.2152764861880913,
  "inductance": 5.3588651524701996e-05,
  "pid_dq_kp": 0.0673414855783149,
  "pid_dq_ki": 270.5244109996529,
  "torque_bw_hz": 200.0,
  "encoder_filter_bw_hz": 200.0,
  "encoder_filter_kp": 1013.4169850289654,
  "encoder_filter_ki": 256753.49638629958,
  "kv": 281.4238907809385,
  "unwrapped_position_scale": 1.0,
  "motor_position_output_sign": 1.0,
  "abi_version": 268,
  "voltage_mode_control": false,
  "py_version": "0.3.98"
}
